Archive member included because of file (symbol)

c:/program files (x86)/gnu tools arm embedded/4.6 2012q2/bin/../lib/gcc/arm-none-eabi/4.6.2/armv6-m\libgcc.a(_udivsi3.o)
                              ..\obj\stm32f0xx_rcc.o (__aeabi_uidiv)
c:/program files (x86)/gnu tools arm embedded/4.6 2012q2/bin/../lib/gcc/arm-none-eabi/4.6.2/armv6-m\libgcc.a(_divsi3.o)
                              ..\obj\common.o (__aeabi_idiv)
c:/program files (x86)/gnu tools arm embedded/4.6 2012q2/bin/../lib/gcc/arm-none-eabi/4.6.2/armv6-m\libgcc.a(_dvmd_tls.o)
                              c:/program files (x86)/gnu tools arm embedded/4.6 2012q2/bin/../lib/gcc/arm-none-eabi/4.6.2/armv6-m\libgcc.a(_udivsi3.o) (__aeabi_idiv0)

Allocating common symbols
Common symbol       size              file

sysTicks            0x4               ..\obj\common.o

Discarded input sections

 .text          0x00000000        0x0 ..\obj\stm32f0xx_rcc.o
 .data          0x00000000       0x10 ..\obj\stm32f0xx_rcc.o
 .bss           0x00000000        0x0 ..\obj\stm32f0xx_rcc.o
 .text.RCC_DeInit
                0x00000000       0x90 ..\obj\stm32f0xx_rcc.o
 .text.RCC_HSEConfig
                0x00000000       0x24 ..\obj\stm32f0xx_rcc.o
 .text.RCC_WaitForHSEStartUp
                0x00000000       0x60 ..\obj\stm32f0xx_rcc.o
 .text.RCC_AdjustHSICalibrationValue
                0x00000000       0x3c ..\obj\stm32f0xx_rcc.o
 .text.RCC_HSICmd
                0x00000000       0x38 ..\obj\stm32f0xx_rcc.o
 .text.RCC_AdjustHSI14CalibrationValue
                0x00000000       0x3c ..\obj\stm32f0xx_rcc.o
 .text.RCC_HSI14Cmd
                0x00000000       0x38 ..\obj\stm32f0xx_rcc.o
 .text.RCC_HSI14ADCRequestCmd
                0x00000000       0x38 ..\obj\stm32f0xx_rcc.o
 .text.RCC_LSEConfig
                0x00000000       0x38 ..\obj\stm32f0xx_rcc.o
 .text.RCC_LSEDriveConfig
                0x00000000       0x2c ..\obj\stm32f0xx_rcc.o
 .text.RCC_LSICmd
                0x00000000       0x38 ..\obj\stm32f0xx_rcc.o
 .text.RCC_PLLConfig
                0x00000000       0x38 ..\obj\stm32f0xx_rcc.o
 .text.RCC_PLLCmd
                0x00000000       0x40 ..\obj\stm32f0xx_rcc.o
 .text.RCC_PREDIV1Config
                0x00000000       0x34 ..\obj\stm32f0xx_rcc.o
 .text.RCC_ClockSecuritySystemCmd
                0x00000000       0x40 ..\obj\stm32f0xx_rcc.o
 .text.RCC_MCOConfig
                0x00000000       0x20 ..\obj\stm32f0xx_rcc.o
 .text.RCC_SYSCLKConfig
                0x00000000       0x34 ..\obj\stm32f0xx_rcc.o
 .text.RCC_GetSYSCLKSource
                0x00000000       0x1c ..\obj\stm32f0xx_rcc.o
 .text.RCC_HCLKConfig
                0x00000000       0x34 ..\obj\stm32f0xx_rcc.o
 .text.RCC_PCLKConfig
                0x00000000       0x38 ..\obj\stm32f0xx_rcc.o
 .text.RCC_ADCCLKConfig
                0x00000000       0x58 ..\obj\stm32f0xx_rcc.o
 .text.RCC_CECCLKConfig
                0x00000000       0x2c ..\obj\stm32f0xx_rcc.o
 .text.RCC_I2CCLKConfig
                0x00000000       0x2c ..\obj\stm32f0xx_rcc.o
 .text.RCC_USARTCLKConfig
                0x00000000       0x2c ..\obj\stm32f0xx_rcc.o
 .text.RCC_GetClocksFreq
                0x00000000      0x1e8 ..\obj\stm32f0xx_rcc.o
 .text.RCC_RTCCLKConfig
                0x00000000       0x20 ..\obj\stm32f0xx_rcc.o
 .text.RCC_RTCCLKCmd
                0x00000000       0x40 ..\obj\stm32f0xx_rcc.o
 .text.RCC_BackupResetCmd
                0x00000000       0x40 ..\obj\stm32f0xx_rcc.o
 .text.RCC_APB2PeriphClockCmd
                0x00000000       0x40 ..\obj\stm32f0xx_rcc.o
 .text.RCC_APB1PeriphClockCmd
                0x00000000       0x40 ..\obj\stm32f0xx_rcc.o
 .text.RCC_AHBPeriphResetCmd
                0x00000000       0x40 ..\obj\stm32f0xx_rcc.o
 .text.RCC_APB2PeriphResetCmd
                0x00000000       0x40 ..\obj\stm32f0xx_rcc.o
 .text.RCC_APB1PeriphResetCmd
                0x00000000       0x40 ..\obj\stm32f0xx_rcc.o
 .text.RCC_ITConfig
                0x00000000       0x50 ..\obj\stm32f0xx_rcc.o
 .text.RCC_GetFlagStatus
                0x00000000       0x9c ..\obj\stm32f0xx_rcc.o
 .text.RCC_ClearFlag
                0x00000000       0x1c ..\obj\stm32f0xx_rcc.o
 .text.RCC_GetITStatus
                0x00000000       0x44 ..\obj\stm32f0xx_rcc.o
 .text.RCC_ClearITPendingBit
                0x00000000       0x20 ..\obj\stm32f0xx_rcc.o
 .text          0x00000000        0x0 ..\obj\common.o
 .data          0x00000000        0x0 ..\obj\common.o
 .text.GPIO_ToggleBit
                0x00000000       0x3c ..\obj\common.o
 .text          0x00000000        0x0 ..\obj\main.o
 .data          0x00000000        0x0 ..\obj\main.o
 .bss           0x00000000        0x0 ..\obj\main.o
 .text          0x00000000       0x14 ..\obj\startup_stm32f0xx.o
 .data          0x00000000        0x0 ..\obj\startup_stm32f0xx.o
 .bss           0x00000000        0x0 ..\obj\startup_stm32f0xx.o
 .text          0x00000000        0x0 ..\obj\stm32f0xx_gpio.o
 .data          0x00000000        0x0 ..\obj\stm32f0xx_gpio.o
 .bss           0x00000000        0x0 ..\obj\stm32f0xx_gpio.o
 .text.GPIO_DeInit
                0x00000000       0xc8 ..\obj\stm32f0xx_gpio.o
 .text.GPIO_StructInit
                0x00000000       0x30 ..\obj\stm32f0xx_gpio.o
 .text.GPIO_PinLockConfig
                0x00000000       0x44 ..\obj\stm32f0xx_gpio.o
 .text.GPIO_ReadInputDataBit
                0x00000000       0x48 ..\obj\stm32f0xx_gpio.o
 .text.GPIO_ReadInputData
                0x00000000       0x18 ..\obj\stm32f0xx_gpio.o
 .text.GPIO_ReadOutputDataBit
                0x00000000       0x48 ..\obj\stm32f0xx_gpio.o
 .text.GPIO_ReadOutputData
                0x00000000       0x18 ..\obj\stm32f0xx_gpio.o
 .text.GPIO_SetBits
                0x00000000       0x1c ..\obj\stm32f0xx_gpio.o
 .text.GPIO_ResetBits
                0x00000000       0x1c ..\obj\stm32f0xx_gpio.o
 .text.GPIO_WriteBit
                0x00000000       0x30 ..\obj\stm32f0xx_gpio.o
 .text.GPIO_Write
                0x00000000       0x1c ..\obj\stm32f0xx_gpio.o
 .text.GPIO_PinAFConfig
                0x00000000       0x9c ..\obj\stm32f0xx_gpio.o
 .text          0x00000000        0x0 ..\obj\system_stm32f0xx.o
 .data          0x00000000       0x14 ..\obj\system_stm32f0xx.o
 .bss           0x00000000        0x0 ..\obj\system_stm32f0xx.o
 .text.SystemCoreClockUpdate
                0x00000000       0xdc ..\obj\system_stm32f0xx.o
 .text          0x00000000        0x0 ..\obj\stm32f0xx_exti.o
 .data          0x00000000        0x0 ..\obj\stm32f0xx_exti.o
 .bss           0x00000000        0x0 ..\obj\stm32f0xx_exti.o
 .text.EXTI_DeInit
                0x00000000       0x34 ..\obj\stm32f0xx_exti.o
 .text.EXTI_Init
                0x00000000       0xe4 ..\obj\stm32f0xx_exti.o
 .text.EXTI_StructInit
                0x00000000       0x28 ..\obj\stm32f0xx_exti.o
 .text.EXTI_GenerateSWInterrupt
                0x00000000       0x20 ..\obj\stm32f0xx_exti.o
 .text.EXTI_GetFlagStatus
                0x00000000       0x40 ..\obj\stm32f0xx_exti.o
 .text.EXTI_ClearFlag
                0x00000000       0x18 ..\obj\stm32f0xx_exti.o
 .text.EXTI_GetITStatus
                0x00000000       0x54 ..\obj\stm32f0xx_exti.o
 .text.EXTI_ClearITPendingBit
                0x00000000       0x18 ..\obj\stm32f0xx_exti.o
 .text          0x00000000        0x0 ..\obj\stm32f0xx_syscfg.o
 .data          0x00000000        0x0 ..\obj\stm32f0xx_syscfg.o
 .bss           0x00000000        0x0 ..\obj\stm32f0xx_syscfg.o
 .text.SYSCFG_DeInit
                0x00000000       0x40 ..\obj\stm32f0xx_syscfg.o
 .text.SYSCFG_MemoryRemapConfig
                0x00000000       0x34 ..\obj\stm32f0xx_syscfg.o
 .text.SYSCFG_DMAChannelRemapConfig
                0x00000000       0x40 ..\obj\stm32f0xx_syscfg.o
 .text.SYSCFG_I2CFastModePlusConfig
                0x00000000       0x40 ..\obj\stm32f0xx_syscfg.o
 .text.SYSCFG_EXTILineConfig
                0x00000000       0x94 ..\obj\stm32f0xx_syscfg.o
 .text.SYSCFG_BreakConfig
                0x00000000       0x20 ..\obj\stm32f0xx_syscfg.o
 .text.SYSCFG_GetFlagStatus
                0x00000000       0x44 ..\obj\stm32f0xx_syscfg.o
 .text.SYSCFG_ClearFlag
                0x00000000       0x20 ..\obj\stm32f0xx_syscfg.o
 .text          0x00000000        0x0 ..\obj\stm32f0_discovery.o
 .bss           0x00000000        0x0 ..\obj\stm32f0_discovery.o
 .text.STM_EVAL_LEDOn
                0x00000000       0x30 ..\obj\stm32f0_discovery.o
 .text.STM_EVAL_LEDOff
                0x00000000       0x30 ..\obj\stm32f0_discovery.o
 .text.STM_EVAL_PBInit
                0x00000000      0x120 ..\obj\stm32f0_discovery.o
 .text.STM_EVAL_PBGetState
                0x00000000       0x3c ..\obj\stm32f0_discovery.o
 .text          0x00000000        0x0 ..\obj\stm32f0xx_misc.o
 .data          0x00000000        0x0 ..\obj\stm32f0xx_misc.o
 .bss           0x00000000        0x0 ..\obj\stm32f0xx_misc.o
 .text.NVIC_Init
                0x00000000       0xac ..\obj\stm32f0xx_misc.o
 .text.NVIC_SystemLPConfig
                0x00000000       0x48 ..\obj\stm32f0xx_misc.o
 .text.SysTick_CLKSourceConfig
                0x00000000       0x34 ..\obj\stm32f0xx_misc.o
 .text          0x00000000        0x0 ..\obj\core_cm0.o
 .data          0x00000000        0x0 ..\obj\core_cm0.o
 .bss           0x00000000        0x0 ..\obj\core_cm0.o
 .text.__get_PSP
                0x00000000       0x10 ..\obj\core_cm0.o
 .text.__set_PSP
                0x00000000        0x8 ..\obj\core_cm0.o
 .text.__get_MSP
                0x00000000       0x10 ..\obj\core_cm0.o
 .text.__set_MSP
                0x00000000        0x8 ..\obj\core_cm0.o
 .text.__get_PRIMASK
                0x00000000       0x1c ..\obj\core_cm0.o
 .text.__set_PRIMASK
                0x00000000       0x14 ..\obj\core_cm0.o
 .text.__get_CONTROL
                0x00000000       0x1c ..\obj\core_cm0.o
 .text.__set_CONTROL
                0x00000000       0x14 ..\obj\core_cm0.o
 .text.__REV    0x00000000       0x1c ..\obj\core_cm0.o
 .text.__REV16  0x00000000       0x24 ..\obj\core_cm0.o
 .text.__REVSH  0x00000000       0x24 ..\obj\core_cm0.o
 .text          0x00000000       0x9c c:/program files (x86)/gnu tools arm embedded/4.6 2012q2/bin/../lib/gcc/arm-none-eabi/4.6.2/armv6-m\libgcc.a(_udivsi3.o)
 .data          0x00000000        0x0 c:/program files (x86)/gnu tools arm embedded/4.6 2012q2/bin/../lib/gcc/arm-none-eabi/4.6.2/armv6-m\libgcc.a(_udivsi3.o)
 .bss           0x00000000        0x0 c:/program files (x86)/gnu tools arm embedded/4.6 2012q2/bin/../lib/gcc/arm-none-eabi/4.6.2/armv6-m\libgcc.a(_udivsi3.o)
 .data          0x00000000        0x0 c:/program files (x86)/gnu tools arm embedded/4.6 2012q2/bin/../lib/gcc/arm-none-eabi/4.6.2/armv6-m\libgcc.a(_divsi3.o)
 .bss           0x00000000        0x0 c:/program files (x86)/gnu tools arm embedded/4.6 2012q2/bin/../lib/gcc/arm-none-eabi/4.6.2/armv6-m\libgcc.a(_divsi3.o)
 .data          0x00000000        0x0 c:/program files (x86)/gnu tools arm embedded/4.6 2012q2/bin/../lib/gcc/arm-none-eabi/4.6.2/armv6-m\libgcc.a(_dvmd_tls.o)
 .bss           0x00000000        0x0 c:/program files (x86)/gnu tools arm embedded/4.6 2012q2/bin/../lib/gcc/arm-none-eabi/4.6.2/armv6-m\libgcc.a(_dvmd_tls.o)

Memory Configuration

Name             Origin             Length             Attributes
rom              0x08000000         0x00010000         xr
ram              0x20000000         0x00002000         xrw
*default*        0x00000000         0xffffffff

Linker script and memory map

                0x20002000                _eram = 0x20002000

.text           0x08000000      0x7c4
 *(.isr_vector .isr_vector.*)
 .isr_vector    0x08000000       0xc4 ..\obj\startup_stm32f0xx.o
                0x08000000                g_pfnVectors
 *(.text .text.* .gnu.linkonce.t.*)
 .text.RCC_AHBPeriphClockCmd
                0x080000c4       0x40 ..\obj\stm32f0xx_rcc.o
                0x080000c4                RCC_AHBPeriphClockCmd
 .text.NVIC_SetPriority
                0x08000104       0xe0 ..\obj\common.o
 .text.SysTick_Config
                0x080001e4       0x4c ..\obj\common.o
 .text.SysTickInit
                0x08000230       0x54 ..\obj\common.o
                0x08000230                SysTickInit
 .text._delay_ms
                0x08000284       0x54 ..\obj\common.o
                0x08000284                _delay_ms
 .text.SysTick_Handler
                0x080002d8       0x18 ..\obj\common.o
                0x080002d8                SysTick_Handler
 .text.main     0x080002f0       0x34 ..\obj\main.o
                0x080002f0                main
 .text.Reset_Handler
                0x08000324       0x44 ..\obj\startup_stm32f0xx.o
                0x08000324                Reset_Handler
 .text.Default_Handler
                0x08000368        0x2 ..\obj\startup_stm32f0xx.o
                0x08000368                TIM1_CC_IRQHandler
                0x08000368                HardFault_Handler
                0x08000368                ADC1_COMP_IRQHandler
                0x08000368                PVD_IRQHandler
                0x08000368                PendSV_Handler
                0x08000368                NMI_Handler
                0x08000368                I2C1_IRQHandler
                0x08000368                SPI1_IRQHandler
                0x08000368                TIM6_DAC_IRQHandler
                0x08000368                EXTI2_3_IRQHandler
                0x08000368                I2C2_IRQHandler
                0x08000368                TIM17_IRQHandler
                0x08000368                RTC_IRQHandler
                0x08000368                TIM16_IRQHandler
                0x08000368                TIM3_IRQHandler
                0x08000368                EXTI4_15_IRQHandler
                0x08000368                RCC_IRQHandler
                0x08000368                DMA1_Channel1_IRQHandler
                0x08000368                Default_Handler
                0x08000368                CEC_IRQHandler
                0x08000368                TIM14_IRQHandler
                0x08000368                DMA1_Channel4_5_IRQHandler
                0x08000368                TIM15_IRQHandler
                0x08000368                EXTI0_1_IRQHandler
                0x08000368                SPI2_IRQHandler
                0x08000368                SVC_Handler
                0x08000368                TS_IRQHandler
                0x08000368                WWDG_IRQHandler
                0x08000368                TIM2_IRQHandler
                0x08000368                DMA1_Channel2_3_IRQHandler
                0x08000368                USART2_IRQHandler
                0x08000368                FLASH_IRQHandler
                0x08000368                USART1_IRQHandler
                0x08000368                TIM1_BRK_UP_TRG_COM_IRQHandler
 *fill*         0x0800036a        0x2 00
 .text.GPIO_Init
                0x0800036c      0x13c ..\obj\stm32f0xx_gpio.o
                0x0800036c                GPIO_Init
 .text.SystemInit
                0x080004a8       0x94 ..\obj\system_stm32f0xx.o
                0x080004a8                SystemInit
 .text.SetSysClock
                0x0800053c       0xe8 ..\obj\system_stm32f0xx.o
 .text.STM_EVAL_LEDInit
                0x08000624       0x78 ..\obj\stm32f0_discovery.o
                0x08000624                STM_EVAL_LEDInit
 .text.STM_EVAL_LEDToggle
                0x0800069c       0x44 ..\obj\stm32f0_discovery.o
                0x0800069c                STM_EVAL_LEDToggle
 .text          0x080006e0       0xc0 c:/program files (x86)/gnu tools arm embedded/4.6 2012q2/bin/../lib/gcc/arm-none-eabi/4.6.2/armv6-m\libgcc.a(_divsi3.o)
                0x080006e0                __divsi3
                0x080006e0                __aeabi_idiv
                0x0800078c                __aeabi_idivmod
 .text          0x080007a0        0x4 c:/program files (x86)/gnu tools arm embedded/4.6 2012q2/bin/../lib/gcc/arm-none-eabi/4.6.2/armv6-m\libgcc.a(_dvmd_tls.o)
                0x080007a0                __aeabi_idiv0
                0x080007a0                __aeabi_ldiv0
 *(.glue_7t)
 .glue_7t       0x00000000        0x0 linker stubs
 *(.glue_7)
 .glue_7        0x00000000        0x0 linker stubs
 *(.rodata .rodata* .gnu.linkonce.r.*)
 .rodata        0x080007a4       0x20 ..\obj\stm32f0_discovery.o
                0x080007a4                GPIO_CLK
                0x080007ac                BUTTON_PIN
                0x080007b0                BUTTON_CLK
                0x080007b4                BUTTON_EXTI_LINE
                0x080007b8                BUTTON_PORT_SOURCE
                0x080007bc                BUTTON_PIN_SOURCE
                0x080007c0                BUTTON_IRQn

.vfp11_veneer   0x080007c4        0x0
 .vfp11_veneer  0x00000000        0x0 linker stubs

.v4_bx          0x080007c4        0x0
 .v4_bx         0x00000000        0x0 linker stubs

.ARM.extab
 *(.ARM.extab* .gnu.linkonce.armextab.*)
                0x080007c4                __exidx_start = .

.ARM.exidx
 *(.ARM.exidx* .gnu.linkonce.armexidx.*)
                0x080007c4                __exidx_end = .
                0x080007c4                . = ALIGN (0x4)
                0x080007c4                _etext = .
                0x080007c4                _sidata = .

.data           0x20000000       0x10 load address 0x080007c4
                0x20000000                _sdata = .
 *(.data .data.*)
 .data          0x20000000       0x10 ..\obj\stm32f0_discovery.o
                0x20000000                GPIO_PORT
                0x20000008                GPIO_PIN
                0x2000000c                BUTTON_PORT
                0x20000010                . = ALIGN (0x4)
                0x20000010                _edata = .

.bss            0x20000010        0x8 load address 0x080007d4
                0x20000010                _sbss = .
 *(.bss .bss.*)
 .bss           0x20000010        0x4 ..\obj\common.o
 *(COMMON)
 COMMON         0x20000014        0x4 ..\obj\common.o
                0x20000014                sysTicks
                0x20000018                . = ALIGN (0x4)
                0x20000018                _ebss = .

.co_stack       0x20000018        0x0
                0x20000018                . = ALIGN (0x8)
 *(.co_stack .co_stack.*)
                0x20000018                . = ALIGN (0x4)
                0x20000018                _end = .
LOAD ..\obj\stm32f0xx_rcc.o
LOAD ..\obj\common.o
LOAD ..\obj\main.o
LOAD ..\obj\startup_stm32f0xx.o
LOAD ..\obj\stm32f0xx_gpio.o
LOAD ..\obj\system_stm32f0xx.o
LOAD ..\obj\stm32f0xx_exti.o
LOAD ..\obj\stm32f0xx_syscfg.o
LOAD ..\obj\stm32f0_discovery.o
LOAD ..\obj\stm32f0xx_misc.o
LOAD ..\obj\core_cm0.o
START GROUP
LOAD c:/program files (x86)/gnu tools arm embedded/4.6 2012q2/bin/../lib/gcc/arm-none-eabi/4.6.2/armv6-m\libgcc.a
LOAD c:/program files (x86)/gnu tools arm embedded/4.6 2012q2/bin/../lib/gcc/arm-none-eabi/4.6.2/../../../../arm-none-eabi/lib/armv6-m\libg.a
LOAD c:/program files (x86)/gnu tools arm embedded/4.6 2012q2/bin/../lib/gcc/arm-none-eabi/4.6.2/../../../../arm-none-eabi/lib/armv6-m\libc.a
END GROUP
OUTPUT(STM32_DIODE.elf elf32-littlearm)

.debug_info     0x00000000     0x2e29
 .debug_info    0x00000000      0xa35 ..\obj\stm32f0xx_rcc.o
 .debug_info    0x00000a35      0x5bb ..\obj\common.o
 .debug_info    0x00000ff0       0x9a ..\obj\main.o
 .debug_info    0x0000108a       0x9b ..\obj\startup_stm32f0xx.o
 .debug_info    0x00001125      0x604 ..\obj\stm32f0xx_gpio.o
 .debug_info    0x00001729      0x329 ..\obj\system_stm32f0xx.o
 .debug_info    0x00001a52      0x33d ..\obj\stm32f0xx_exti.o
 .debug_info    0x00001d8f      0x2b1 ..\obj\stm32f0xx_syscfg.o
 .debug_info    0x00002040      0x7b5 ..\obj\stm32f0_discovery.o
 .debug_info    0x000027f5      0x391 ..\obj\stm32f0xx_misc.o
 .debug_info    0x00002b86      0x2a3 ..\obj\core_cm0.o

.debug_abbrev   0x00000000      0xc1f
 .debug_abbrev  0x00000000      0x1bf ..\obj\stm32f0xx_rcc.o
 .debug_abbrev  0x000001bf      0x18d ..\obj\common.o
 .debug_abbrev  0x0000034c       0x57 ..\obj\main.o
 .debug_abbrev  0x000003a3       0x12 ..\obj\startup_stm32f0xx.o
 .debug_abbrev  0x000003b5      0x16a ..\obj\stm32f0xx_gpio.o
 .debug_abbrev  0x0000051f      0x13e ..\obj\system_stm32f0xx.o
 .debug_abbrev  0x0000065d      0x178 ..\obj\stm32f0xx_exti.o
 .debug_abbrev  0x000007d5      0x12e ..\obj\stm32f0xx_syscfg.o
 .debug_abbrev  0x00000903      0x158 ..\obj\stm32f0_discovery.o
 .debug_abbrev  0x00000a5b       0xf8 ..\obj\stm32f0xx_misc.o
 .debug_abbrev  0x00000b53       0xcc ..\obj\core_cm0.o

.debug_loc      0x00000000     0x1430
 .debug_loc     0x00000000      0x864 ..\obj\stm32f0xx_rcc.o
 .debug_loc     0x00000864      0x144 ..\obj\common.o
 .debug_loc     0x000009a8       0x2c ..\obj\main.o
 .debug_loc     0x000009d4      0x2d8 ..\obj\stm32f0xx_gpio.o
 .debug_loc     0x00000cac       0x9c ..\obj\system_stm32f0xx.o
 .debug_loc     0x00000d48      0x1b4 ..\obj\stm32f0xx_exti.o
 .debug_loc     0x00000efc      0x1b4 ..\obj\stm32f0xx_syscfg.o
 .debug_loc     0x000010b0      0x150 ..\obj\stm32f0_discovery.o
 .debug_loc     0x00001200       0xa8 ..\obj\stm32f0xx_misc.o
 .debug_loc     0x000012a8      0x188 ..\obj\core_cm0.o

.debug_aranges  0x00000000      0x428
 .debug_aranges
                0x00000000      0x150 ..\obj\stm32f0xx_rcc.o
 .debug_aranges
                0x00000150       0x48 ..\obj\common.o
 .debug_aranges
                0x00000198       0x20 ..\obj\main.o
 .debug_aranges
                0x000001b8       0x28 ..\obj\startup_stm32f0xx.o
 .debug_aranges
                0x000001e0       0x80 ..\obj\stm32f0xx_gpio.o
 .debug_aranges
                0x00000260       0x30 ..\obj\system_stm32f0xx.o
 .debug_aranges
                0x00000290       0x58 ..\obj\stm32f0xx_exti.o
 .debug_aranges
                0x000002e8       0x58 ..\obj\stm32f0xx_syscfg.o
 .debug_aranges
                0x00000340       0x48 ..\obj\stm32f0_discovery.o
 .debug_aranges
                0x00000388       0x30 ..\obj\stm32f0xx_misc.o
 .debug_aranges
                0x000003b8       0x70 ..\obj\core_cm0.o

.debug_ranges   0x00000000      0x380
 .debug_ranges  0x00000000      0x140 ..\obj\stm32f0xx_rcc.o
 .debug_ranges  0x00000140       0x38 ..\obj\common.o
 .debug_ranges  0x00000178       0x10 ..\obj\main.o
 .debug_ranges  0x00000188       0x20 ..\obj\startup_stm32f0xx.o
 .debug_ranges  0x000001a8       0x70 ..\obj\stm32f0xx_gpio.o
 .debug_ranges  0x00000218       0x20 ..\obj\system_stm32f0xx.o
 .debug_ranges  0x00000238       0x48 ..\obj\stm32f0xx_exti.o
 .debug_ranges  0x00000280       0x48 ..\obj\stm32f0xx_syscfg.o
 .debug_ranges  0x000002c8       0x38 ..\obj\stm32f0_discovery.o
 .debug_ranges  0x00000300       0x20 ..\obj\stm32f0xx_misc.o
 .debug_ranges  0x00000320       0x60 ..\obj\core_cm0.o

.debug_line     0x00000000     0x15cd
 .debug_line    0x00000000      0x4b1 ..\obj\stm32f0xx_rcc.o
 .debug_line    0x000004b1      0x20a ..\obj\common.o
 .debug_line    0x000006bb       0xa6 ..\obj\main.o
 .debug_line    0x00000761       0x99 ..\obj\startup_stm32f0xx.o
 .debug_line    0x000007fa      0x28c ..\obj\stm32f0xx_gpio.o
 .debug_line    0x00000a86      0x1b1 ..\obj\system_stm32f0xx.o
 .debug_line    0x00000c37      0x210 ..\obj\stm32f0xx_exti.o
 .debug_line    0x00000e47      0x1c3 ..\obj\stm32f0xx_syscfg.o
 .debug_line    0x0000100a      0x23e ..\obj\stm32f0_discovery.o
 .debug_line    0x00001248      0x1d0 ..\obj\stm32f0xx_misc.o
 .debug_line    0x00001418      0x1b5 ..\obj\core_cm0.o

.debug_str      0x00000000     0x13e1
 .debug_str     0x00000000      0x638 ..\obj\stm32f0xx_rcc.o
                                0x6b7 (size before relaxing)
 .debug_str     0x00000638      0x331 ..\obj\common.o
                                0x424 (size before relaxing)
 .debug_str     0x00000969       0x33 ..\obj\main.o
                                0x100 (size before relaxing)
 .debug_str     0x0000099c      0x2b5 ..\obj\stm32f0xx_gpio.o
                                0x41e (size before relaxing)
 .debug_str     0x00000c51       0x9c ..\obj\system_stm32f0xx.o
                                0x228 (size before relaxing)
 .debug_str     0x00000ced      0x1ca ..\obj\stm32f0xx_exti.o
                                0x2e3 (size before relaxing)
 .debug_str     0x00000eb7      0x188 ..\obj\stm32f0xx_syscfg.o
                                0x2b8 (size before relaxing)
 .debug_str     0x0000103f      0x213 ..\obj\stm32f0_discovery.o
                                0x73e (size before relaxing)
 .debug_str     0x00001252       0xab ..\obj\stm32f0xx_misc.o
                                0x298 (size before relaxing)
 .debug_str     0x000012fd       0xe4 ..\obj\core_cm0.o
                                0x1d3 (size before relaxing)

.comment        0x00000000       0x70
 .comment       0x00000000       0x70 ..\obj\stm32f0xx_rcc.o
                                 0x71 (size before relaxing)
 .comment       0x00000000       0x71 ..\obj\common.o
 .comment       0x00000000       0x71 ..\obj\main.o
 .comment       0x00000000       0x71 ..\obj\stm32f0xx_gpio.o
 .comment       0x00000000       0x71 ..\obj\system_stm32f0xx.o
 .comment       0x00000000       0x71 ..\obj\stm32f0xx_exti.o
 .comment       0x00000000       0x71 ..\obj\stm32f0xx_syscfg.o
 .comment       0x00000000       0x71 ..\obj\stm32f0_discovery.o
 .comment       0x00000000       0x71 ..\obj\stm32f0xx_misc.o
 .comment       0x00000000       0x71 ..\obj\core_cm0.o

.ARM.attributes
                0x00000000       0x2f
 .ARM.attributes
                0x00000000       0x31 ..\obj\stm32f0xx_rcc.o
 .ARM.attributes
                0x00000031       0x31 ..\obj\common.o
 .ARM.attributes
                0x00000062       0x31 ..\obj\main.o
 .ARM.attributes
                0x00000093       0x21 ..\obj\startup_stm32f0xx.o
 .ARM.attributes
                0x000000b4       0x31 ..\obj\stm32f0xx_gpio.o
 .ARM.attributes
                0x000000e5       0x31 ..\obj\system_stm32f0xx.o
 .ARM.attributes
                0x00000116       0x31 ..\obj\stm32f0xx_exti.o
 .ARM.attributes
                0x00000147       0x31 ..\obj\stm32f0xx_syscfg.o
 .ARM.attributes
                0x00000178       0x31 ..\obj\stm32f0_discovery.o
 .ARM.attributes
                0x000001a9       0x31 ..\obj\stm32f0xx_misc.o
 .ARM.attributes
                0x000001da       0x31 ..\obj\core_cm0.o
 .ARM.attributes
                0x0000020b       0x1e c:/program files (x86)/gnu tools arm embedded/4.6 2012q2/bin/../lib/gcc/arm-none-eabi/4.6.2/armv6-m\libgcc.a(_udivsi3.o)
 .ARM.attributes
                0x00000229       0x1e c:/program files (x86)/gnu tools arm embedded/4.6 2012q2/bin/../lib/gcc/arm-none-eabi/4.6.2/armv6-m\libgcc.a(_divsi3.o)
 .ARM.attributes
                0x00000247       0x1e c:/program files (x86)/gnu tools arm embedded/4.6 2012q2/bin/../lib/gcc/arm-none-eabi/4.6.2/armv6-m\libgcc.a(_dvmd_tls.o)

.debug_frame    0x00000000      0xcc8
 .debug_frame   0x00000000      0x4e4 ..\obj\stm32f0xx_rcc.o
 .debug_frame   0x000004e4       0xd0 ..\obj\common.o
 .debug_frame   0x000005b4       0x2c ..\obj\main.o
 .debug_frame   0x000005e0      0x1b0 ..\obj\stm32f0xx_gpio.o
 .debug_frame   0x00000790       0x6c ..\obj\system_stm32f0xx.o
 .debug_frame   0x000007fc      0x10c ..\obj\stm32f0xx_exti.o
 .debug_frame   0x00000908      0x110 ..\obj\stm32f0xx_syscfg.o
 .debug_frame   0x00000a18       0xd0 ..\obj\stm32f0_discovery.o
 .debug_frame   0x00000ae8       0x70 ..\obj\stm32f0xx_misc.o
 .debug_frame   0x00000b58      0x130 ..\obj\core_cm0.o
 .debug_frame   0x00000c88       0x20 c:/program files (x86)/gnu tools arm embedded/4.6 2012q2/bin/../lib/gcc/arm-none-eabi/4.6.2/armv6-m\libgcc.a(_udivsi3.o)
 .debug_frame   0x00000ca8       0x20 c:/program files (x86)/gnu tools arm embedded/4.6 2012q2/bin/../lib/gcc/arm-none-eabi/4.6.2/armv6-m\libgcc.a(_divsi3.o)
